> Task :compileJava UP-TO-DATE
> Task :processResources NO-SOURCE
> Task :classes UP-TO-DATE
> Task :jar UP-TO-DATE
> Task :assemble UP-TO-DATE
> Task :compileTestJava UP-TO-DATE
> Task :processTestResources UP-TO-DATE
> Task :testClasses UP-TO-DATE
> Task :test UP-TO-DATE
> Task :check UP-TO-DATE
> Task :build UP-TO-DATE

BUILD SUCCESSFUL in 0s
5 actionable tasks: 5 up-to-date
> OK
off
> OK
on
> coe off
OK
off
> . errExit1
> echo errExit1
OK
errExit1
> source errExit2
> echo errExit2
OK
errExit2
> ebcd
INVALID_COMMAND
SCRIPT_ERROR_EXIT
